Microsoft HTML Help Compiler 4.74.8702

Compiling c:\Users\user\Desktop\институт\6 семестр\Разработка интерфейса пользователя\лабы\3\111.chm


Compile time: 0 minutes, 0 seconds
1	Topic
0	Local links
0	Internet links
0	Graphics


Created c:\Users\user\Desktop\институт\6 семестр\Разработка интерфейса пользователя\лабы\3\111.chm, 10,396 bytes
Compression increased file by 10,196 bytes.
Microsoft HTML Help Compiler 4.74.8702

Compiling c:\Users\user\Desktop\институт\6 семестр\Разработка интерфейса пользователя\лабы\3\111.chm


Compile time: 0 minutes, 0 seconds
1	Topic
0	Local links
0	Internet links
0	Graphics


Created c:\Users\user\Desktop\институт\6 семестр\Разработка интерфейса пользователя\лабы\3\111.chm, 10,590 bytes
Compression increased file by 10,155 bytes.
HHC5010: Error: Cannot open "c:\Users\user\Desktop\институт\6 семестр\Разработка интерфейса пользователя\лабы\3\111.chm". Compilation stopped.
HHC5010: Error: Cannot open "c:\Users\user\Desktop\институт\6 семестр\Разработка интерфейса пользователя\лабы\3\111.chm". Compilation stopped.
HHC5010: Error: Cannot open "c:\Users\user\Desktop\институт\6 семестр\Разработка интерфейса пользователя\лабы\3\111.chm". Compilation stopped.
Microsoft HTML Help Compiler 4.74.8702

Compiling c:\Users\user\Desktop\институт\6 семестр\Разработка интерфейса пользователя\лабы\3\111.chm


Compile time: 0 minutes, 0 seconds
1	Topic
1	Local link
0	Internet links
0	Graphics


Created c:\Users\user\Desktop\институт\6 семестр\Разработка интерфейса пользователя\лабы\3\111.chm, 11,622 bytes
Compression increased file by 8,205 bytes.
